12:11:58 **** Incremental Build of configuration Debug for project asd ****
make all 
'Building file: ../src/helloworld.c'
'Invoking: MicroBlaze gcc compiler'
mb-gcc -Wall -O0 -g3 -c -fmessage-length=0 -MT"src/helloworld.o" -IC:/Users/peneb/Desktop/git/dejarik/vitis_workspace/dejarik_wrapper/export/dejarik_wrapper/sw/dejarik_wrapper/standalone_microblaze_0/bspinclude/include -mlittle-endian -mcpu=v11.0 -mxl-soft-mul -Wl,--no-relax -ffunction-sections -fdata-sections -MMD -MP -MF"src/helloworld.d" -MT"src/helloworld.o" -o "src/helloworld.o" "../src/helloworld.c"
../src/helloworld.c: In function 'UartLiteIntrExample':
../src/helloworld.c:167:13: warning: unused variable 'Index' [-Wunused-variable]
  167 |         int Index;
      |             ^~~~~
'Finished building: ../src/helloworld.c'
' '
'Building target: asd.elf'
'Invoking: MicroBlaze gcc linker'
mb-gcc -Wl,-T -Wl,../src/lscript.ld -LC:/Users/peneb/Desktop/git/dejarik/vitis_workspace/dejarik_wrapper/export/dejarik_wrapper/sw/dejarik_wrapper/standalone_microblaze_0/bsplib/lib -mlittle-endian -mcpu=v11.0 -mxl-soft-mul -Wl,--no-relax -Wl,--gc-sections -o "asd.elf"  ./src/helloworld.o ./src/platform.o   -Wl,--start-group,-lxil,-lgcc,-lc,--end-group
'Finished building target: asd.elf'
' '
'Invoking: MicroBlaze Print Size'
mb-size asd.elf  |tee "asd.elf.size"
   text	   data	    bss	    dec	    hex	filename
  11508	    336	   3348	  15192	   3b58	asd.elf
'Finished building: asd.elf.size'
' '

12:11:59 Build Finished (took 762ms)

